BL51 BANKED LINKER/LOCATER V6.20                                                        09/09/2014  14:43:05  PAGE 1


BL51 BANKED LINKER/LOCATER V6.20, INVOKED BY:
C:\KEIL\C51\BIN\BL51.EXE STARTUP.obj, test.obj TO test


MEMORY MODEL: SMALL


INPUT MODULES INCLUDED:
  STARTUP.obj (?C_STARTUP)
  test.obj (TEST)


LINK MAP OF MODULE:  test (?C_STARTUP)


            TYPE    BASE      LENGTH    RELOCATION   SEGMENT NAME
            -----------------------------------------------------

            * * * * * * *   D A T A   M E M O R Y   * * * * * * *
            REG     0000H     0008H     ABSOLUTE     "REG BANK 0"
            IDATA   0008H     0001H     UNIT         ?STACK

            * * * * * * *   C O D E   M E M O R Y   * * * * * * *
            CODE    0000H     0003H     ABSOLUTE     
                    0003H     07FDH                  *** GAP ***
            CODE    0800H     0023H     UNIT         ?PR?MAIN?TEST
            CODE    0823H     0020H     UNIT         ?PR?_MSDELAY?TEST
            CODE    0843H     000CH     UNIT         ?C_C51STARTUP



OVERLAY MAP OF MODULE:   test (?C_STARTUP)


SEGMENT
  +--> CALLED SEGMENT
---------------------
?C_C51STARTUP
  +--> ?PR?MAIN?TEST

?PR?MAIN?TEST
  +--> ?PR?_MSDELAY?TEST



SYMBOL TABLE OF MODULE:  test (?C_STARTUP)

  VALUE           TYPE          NAME
  ----------------------------------

  -------         MODULE        ?C_STARTUP
  C:0843H         SEGMENT       ?C_C51STARTUP
  I:0008H         SEGMENT       ?STACK
  C:0000H         PUBLIC        ?C_STARTUP
  D:00E0H         SYMBOL        ACC
  D:00F0H         SYMBOL        B
  D:0083H         SYMBOL        DPH
  D:0082H         SYMBOL        DPL
BL51 BANKED LINKER/LOCATER V6.20                                                      09/09/2014  14:43:05  PAGE 2


  N:0000H         SYMBOL        IBPSTACK
  N:0100H         SYMBOL        IBPSTACKTOP
  N:0080H         SYMBOL        IDATALEN
  C:0846H         SYMBOL        IDATALOOP
  N:0000H         SYMBOL        PBPSTACK
  N:0100H         SYMBOL        PBPSTACKTOP
  N:0000H         SYMBOL        PDATALEN
  N:0000H         SYMBOL        PDATASTART
  N:0000H         SYMBOL        PPAGE
  N:0000H         SYMBOL        PPAGEENABLE
  D:00A0H         SYMBOL        PPAGE_SFR
  D:0081H         SYMBOL        SP
  C:0843H         SYMBOL        STARTUP1
  N:0000H         SYMBOL        XBPSTACK
  N:0000H         SYMBOL        XBPSTACKTOP
  N:0000H         SYMBOL        XDATALEN
  N:0000H         SYMBOL        XDATASTART
  C:0000H         LINE#         126
  C:0843H         LINE#         133
  C:0845H         LINE#         134
  C:0846H         LINE#         135
  C:0847H         LINE#         136
  C:0849H         LINE#         185
  C:084CH         LINE#         196
  -------         ENDMOD        ?C_STARTUP

  -------         MODULE        TEST
  C:0000H         SYMBOL        _ICE_DUMMY_
  D:00A0H         PUBLIC        P2
  C:0800H         PUBLIC        main
  C:0823H         PUBLIC        _msdelay
  -------         PROC          MAIN
  -------         DO            
  D:0006H         SYMBOL        i
  -------         ENDDO         
  C:0800H         LINE#         3
  C:0800H         LINE#         4
  C:0800H         LINE#         6
  C:0800H         LINE#         7
  C:0800H         LINE#         8
  C:080DH         LINE#         9
  C:081AH         LINE#         10
  C:0821H         LINE#         13
  -------         ENDPROC       MAIN
  -------         PROC          _MSDELAY
  D:0006H         SYMBOL        itime
  -------         DO            
  D:0004H         SYMBOL        k
  D:0002H         SYMBOL        j
  -------         ENDDO         
  C:0823H         LINE#         15
  C:0823H         LINE#         16
  C:0823H         LINE#         18
  C:082DH         LINE#         19
  C:0842H         LINE#         20
  -------         ENDPROC       _MSDELAY
  -------         ENDMOD        TEST
BL51 BANKED LINKER/LOCATER V6.20                                                      09/09/2014  14:43:05  PAGE 3



******************************************************************************
* RESTRICTED VERSION WITH 0800H BYTE CODE SIZE LIMIT; USED: 0052H BYTE ( 4%) *
******************************************************************************

Program Size: data=9.0 xdata=0 code=82
LINK/LOCATE RUN COMPLETE.  0 WARNING(S),  0 ERROR(S)
