BL51 BANKED LINKER/LOCATER V6.20                                                        08/24/2014  16:31:36  PAGE 1


BL51 BANKED LINKER/LOCATER V6.20, INVOKED BY:
C:\KEIL\C51\BIN\BL51.EXE .\hex\STARTUP.obj, .\hex\tstlcd.obj TO .\hex\tstlcd PRINT (.\tstlcd.m51)


MEMORY MODEL: SMALL


INPUT MODULES INCLUDED:
  .\hex\STARTUP.obj (?C_STARTUP)
  .\hex\tstlcd.obj (TSTLCD)
  C:\KEIL\C51\LIB\C51S.LIB (?C?CLDOPTR)


LINK MAP OF MODULE:  .\hex\tstlcd (?C_STARTUP)


            TYPE    BASE      LENGTH    RELOCATION   SEGMENT NAME
            -----------------------------------------------------

            * * * * * * *   D A T A   M E M O R Y   * * * * * * *
            REG     0000H     0008H     ABSOLUTE     "REG BANK 0"
            DATA    0008H     0005H     UNIT         _DATA_GROUP_
            IDATA   000DH     0001H     UNIT         ?STACK

            * * * * * * *   C O D E   M E M O R Y   * * * * * * *
            CODE    0000H     0003H     ABSOLUTE     
                    0003H     07FDH                  *** GAP ***
            CODE    0800H     0080H     UNIT         ?PR?MAIN?TSTLCD
            CODE    0880H     0037H     UNIT         ?CO?TSTLCD
            CODE    08B7H     002DH     UNIT         ?C?LIB_CODE
            CODE    08E4H     002BH     UNIT         ?PR?_LCD_DATAA?TSTLCD
            CODE    090FH     0027H     UNIT         ?PR?_DELAY?TSTLCD
            CODE    0936H     001AH     UNIT         ?PR?LCD_INI?TSTLCD
            CODE    0950H     0012H     UNIT         ?PR?_LCD_COMMAND?TSTLCD
            CODE    0962H     0012H     UNIT         ?PR?_LCD_DATA?TSTLCD
            CODE    0974H     000CH     UNIT         ?C_C51STARTUP



OVERLAY MAP OF MODULE:   .\hex\tstlcd (?C_STARTUP)


SEGMENT                           DATA_GROUP 
  +--> CALLED SEGMENT           START    LENGTH
-----------------------------------------------
?C_C51STARTUP                   -----    -----
  +--> ?PR?MAIN?TSTLCD

?PR?MAIN?TSTLCD                 -----    -----
  +--> ?PR?LCD_INI?TSTLCD
  +--> ?PR?_LCD_COMMAND?TSTLCD
  +--> ?CO?TSTLCD
  +--> ?PR?_LCD_DATAA?TSTLCD

?PR?LCD_INI?TSTLCD              -----    -----
  +--> ?PR?_DELAY?TSTLCD
  +--> ?PR?_LCD_COMMAND?TSTLCD

BL51 BANKED LINKER/LOCATER V6.20                                                      08/24/2014  16:31:36  PAGE 2


?PR?_DELAY?TSTLCD               -----    -----
  +--> ?PR?_LCD_COMMAND?TSTLCD

?PR?_LCD_DATAA?TSTLCD           0008H    0005H
  +--> ?PR?_LCD_DATA?TSTLCD

?PR?_LCD_DATA?TSTLCD            -----    -----
  +--> ?PR?_DELAY?TSTLCD



SYMBOL TABLE OF MODULE:  .\hex\tstlcd (?C_STARTUP)

  VALUE           TYPE          NAME
  ----------------------------------

  -------         MODULE        ?C_STARTUP
  C:0974H         SEGMENT       ?C_C51STARTUP
  I:000DH         SEGMENT       ?STACK
  C:0000H         PUBLIC        ?C_STARTUP
  D:00E0H         SYMBOL        ACC
  D:00F0H         SYMBOL        B
  D:0083H         SYMBOL        DPH
  D:0082H         SYMBOL        DPL
  N:0000H         SYMBOL        IBPSTACK
  N:0100H         SYMBOL        IBPSTACKTOP
  N:0080H         SYMBOL        IDATALEN
  C:0977H         SYMBOL        IDATALOOP
  N:0000H         SYMBOL        PBPSTACK
  N:0100H         SYMBOL        PBPSTACKTOP
  N:0000H         SYMBOL        PDATALEN
  N:0000H         SYMBOL        PDATASTART
  N:0000H         SYMBOL        PPAGE
  N:0000H         SYMBOL        PPAGEENABLE
  D:00A0H         SYMBOL        PPAGE_SFR
  D:0081H         SYMBOL        SP
  C:0974H         SYMBOL        STARTUP1
  N:0000H         SYMBOL        XBPSTACK
  N:0000H         SYMBOL        XBPSTACKTOP
  N:0000H         SYMBOL        XDATALEN
  N:0000H         SYMBOL        XDATASTART
  C:0000H         LINE#         126
  C:0974H         LINE#         133
  C:0976H         LINE#         134
  C:0977H         LINE#         135
  C:0978H         LINE#         136
  C:097AH         LINE#         185
  C:097DH         LINE#         196
  -------         ENDMOD        ?C_STARTUP

  -------         MODULE        TSTLCD
  C:0000H         SYMBOL        _ICE_DUMMY_
  D:0090H         PUBLIC        P1
  D:00B0H         PUBLIC        P3
  C:0916H         PUBLIC        _delay
  C:08E4H         PUBLIC        _lcd_dataa
  B:00B0H.6       PUBLIC        sw1
BL51 BANKED LINKER/LOCATER V6.20                                                      08/24/2014  16:31:36  PAGE 3


  B:00B0H.7       PUBLIC        sw2
  C:0800H         PUBLIC        main
  C:0962H         PUBLIC        _lcd_data
  B:00B0H.2       PUBLIC        en
  C:0936H         PUBLIC        lcd_ini
  D:00A0H         PUBLIC        lcd_data_pin
  B:00B0H.0       PUBLIC        rs
  B:0090H.0       PUBLIC        led1
  B:0090H.1       PUBLIC        led2
  B:00B0H.1       PUBLIC        rw
  C:0950H         PUBLIC        _lcd_command
  C:090FH         SYMBOL        L?0032
  -------         PROC          L?0031
  -------         ENDPROC       L?0031
  C:090FH         SYMBOL        L?0032
  -------         PROC          _DELAY
  D:0006H         SYMBOL        msec
  -------         DO            
  D:0004H         SYMBOL        i
  D:0002H         SYMBOL        j
  -------         ENDDO         
  C:0916H         LINE#         10
  C:0916H         LINE#         11
  C:0916H         LINE#         13
  C:0920H         LINE#         14
  C:0935H         LINE#         15
  -------         ENDPROC       _DELAY
  -------         PROC          _LCD_COMMAND
  D:0007H         SYMBOL        comm
  C:0950H         LINE#         16
  C:0950H         LINE#         17
  C:0950H         LINE#         18
  C:0952H         LINE#         19
  C:0954H         LINE#         20
  C:0956H         LINE#         21
  C:0958H         LINE#         22
  C:095FH         LINE#         23
  C:0961H         LINE#         24
  -------         ENDPROC       _LCD_COMMAND
  -------         PROC          _LCD_DATA
  D:0007H         SYMBOL        disp
  C:0962H         LINE#         25
  C:0962H         LINE#         26
  C:0962H         LINE#         27
  C:0964H         LINE#         28
  C:0966H         LINE#         29
  C:0968H         LINE#         30
  C:096AH         LINE#         31
  C:0971H         LINE#         32
  C:0973H         LINE#         33
  -------         ENDPROC       _LCD_DATA
  -------         PROC          _LCD_DATAA
  D:0008H         SYMBOL        disp
  -------         DO            
  D:000BH         SYMBOL        x
  -------         ENDDO         
  C:08E4H         LINE#         35
BL51 BANKED LINKER/LOCATER V6.20                                                      08/24/2014  16:31:36  PAGE 4


  C:08EAH         LINE#         36
  C:08EAH         LINE#         38
  C:0901H         LINE#         39
  C:0901H         LINE#         40
  C:0904H         LINE#         42
  C:090EH         LINE#         43
  -------         ENDPROC       _LCD_DATAA
  -------         PROC          LCD_INI
  C:0936H         LINE#         45
  C:0936H         LINE#         46
  C:0936H         LINE#         47
  C:0938H         LINE#         48
  C:093BH         LINE#         49
  C:093DH         LINE#         50
  C:0940H         LINE#         51
  C:0942H         LINE#         52
  C:0945H         LINE#         53
  C:0949H         LINE#         54
  -------         ENDPROC       LCD_INI
  -------         PROC          MAIN
  C:0800H         LINE#         57
  C:0800H         LINE#         58
  C:0800H         LINE#         59
  C:0800H         LINE#         60
  C:0800H         LINE#         61
  C:0802H         LINE#         62
  C:0804H         LINE#         63
  C:0807H         LINE#         64
  C:080CH         LINE#         65
  C:0812H         LINE#         66
  C:0818H         LINE#         67
  C:0818H         LINE#         68
  C:081AH         LINE#         69
  C:081CH         LINE#         70
  C:0825H         LINE#         71
  C:082AH         LINE#         72
  C:0833H         LINE#         73
  C:0838H         LINE#         76
  C:083CH         LINE#         77
  C:0841H         LINE#         80
  C:0847H         LINE#         81
  C:0847H         LINE#         82
  C:0849H         LINE#         83
  C:084BH         LINE#         84
  C:0850H         LINE#         85
  C:0855H         LINE#         86
  C:085EH         LINE#         87
  C:0863H         LINE#         88
  C:086CH         LINE#         89
  C:0871H         LINE#         92
  C:0875H         LINE#         93
  C:087EH         LINE#         95
  -------         ENDPROC       MAIN
  -------         ENDMOD        TSTLCD

  -------         MODULE        ?C?CLDOPTR
  C:08B7H         PUBLIC        ?C?CLDOPTR
BL51 BANKED LINKER/LOCATER V6.20                                                      08/24/2014  16:31:36  PAGE 5


  -------         ENDMOD        ?C?CLDOPTR

******************************************************************************
* RESTRICTED VERSION WITH 0800H BYTE CODE SIZE LIMIT; USED: 0156H BYTE (16%) *
******************************************************************************

Program Size: data=14.0 xdata=0 code=387
LINK/LOCATE RUN COMPLETE.  0 WARNING(S),  0 ERROR(S)
