C51 COMPILER V8.18   TIMER2                                                                08/18/2014 16:18:45 PAGE 1   


C51 COMPILER V8.18, COMPILATION OF MODULE TIMER2
OBJECT MODULE PLACED IN timer2.OBJ
COMPILER INVOKED BY: C:\Keil\C51\BIN\C51.EXE timer2.c BROWSE DEBUG OBJECTEXTEND TABS(2)

line level    source

   1          #include<reg51.h>
   2          void t0delay(void);
   3          sbit led = P2^0;
   4          void main()
   5          {
   6   1         unsigned int x;
   7   1        while(1)
   8   1        {
   9   2          led=~led;
  10   2          for(x=0;x<2000;x++)
  11   2          t0delay();
  12   2        }
  13   1      }
  14          void t0delay(void)
  15          {
  16   1        TMOD = 0x01;
  17   1        TH0 = 0xFE;
  18   1        TL0 = 0xA5;
  19   1        TR0 = 1;
  20   1        while(TF0==0);
  21   1        TR0 = 0;
  22   1        TF0 = 0;
  23   1      }


MODULE INFORMATION:   STATIC OVERLAYABLE
   CODE SIZE        =     48    ----
   CONSTANT SIZE    =   ----    ----
   XDATA SIZE       =   ----    ----
   PDATA SIZE       =   ----    ----
   DATA SIZE        =   ----       2
   IDATA SIZE       =   ----    ----
   BIT SIZE         =   ----    ----
END OF MODULE INFORMATION.


C51 COMPILATION COMPLETE.  0 WARNING(S),  0 ERROR(S)
