BL51 BANKED LINKER/LOCATER V6.20                                                        08/19/2014  16:37:32  PAGE 1


BL51 BANKED LINKER/LOCATER V6.20, INVOKED BY:
C:\KEIL\C51\BIN\BL51.EXE test timer.obj TO test timer


MEMORY MODEL: SMALL


INPUT MODULES INCLUDED:
  test timer.obj (TEST_TIMER)
  C:\KEIL\C51\LIB\C51S.LIB (?C_STARTUP)


LINK MAP OF MODULE:  test timer (TEST_TIMER)


            TYPE    BASE      LENGTH    RELOCATION   SEGMENT NAME
            -----------------------------------------------------

            * * * * * * *   D A T A   M E M O R Y   * * * * * * *
            REG     0000H     0008H     ABSOLUTE     "REG BANK 0"
            DATA    0008H     0001H     UNIT         _DATA_GROUP_
            IDATA   0009H     0001H     UNIT         ?STACK

            * * * * * * *   C O D E   M E M O R Y   * * * * * * *
            CODE    0000H     0003H     ABSOLUTE     
                    0003H     07FDH                  *** GAP ***
            CODE    0800H     0024H     UNIT         ?PR?MAIN?TEST_TIMER
            CODE    0824H     0013H     UNIT         ?PR?T0DELAY?TEST_TIMER
            CODE    0837H     000CH     UNIT         ?C_C51STARTUP



OVERLAY MAP OF MODULE:   test timer (TEST_TIMER)


SEGMENT                          DATA_GROUP 
  +--> CALLED SEGMENT          START    LENGTH
----------------------------------------------
?C_C51STARTUP                  -----    -----
  +--> ?PR?MAIN?TEST_TIMER

?PR?MAIN?TEST_TIMER            0008H    0001H
  +--> ?PR?T0DELAY?TEST_TIMER



SYMBOL TABLE OF MODULE:  test timer (TEST_TIMER)

  VALUE           TYPE          NAME
  ----------------------------------

  -------         MODULE        TEST_TIMER
  C:0000H         SYMBOL        _ICE_DUMMY_
  D:00A0H         PUBLIC        P2
  C:0824H         PUBLIC        T0delay
  C:0800H         PUBLIC        main
  B:00A0H.0       PUBLIC        mybit
  D:0089H         PUBLIC        TMOD
BL51 BANKED LINKER/LOCATER V6.20                                                      08/19/2014  16:37:32  PAGE 2


  B:0088H.5       PUBLIC        TF0
  D:008CH         PUBLIC        TH0
  D:008AH         PUBLIC        TL0
  B:0088H.4       PUBLIC        TR0
  -------         PROC          MAIN
  -------         DO            
  D:0008H         SYMBOL        x
  -------         ENDDO         
  C:0800H         LINE#         4
  C:0800H         LINE#         5
  C:0800H         LINE#         7
  C:0800H         LINE#         8
  C:0800H         LINE#         9
  C:0802H         LINE#         10
  C:0805H         LINE#         11
  C:0805H         LINE#         12
  C:0808H         LINE#         13
  C:0811H         LINE#         14
  C:0813H         LINE#         15
  C:081DH         LINE#         16
  C:081DH         LINE#         17
  C:0820H         LINE#         18
  -------         ENDPROC       MAIN
  -------         PROC          T0DELAY
  C:0824H         LINE#         21
  C:0824H         LINE#         22
  C:0824H         LINE#         23
  C:0827H         LINE#         24
  C:082AH         LINE#         25
  C:082DH         LINE#         26
  C:082FH         LINE#         27
  C:0832H         LINE#         28
  C:0834H         LINE#         29
  C:0836H         LINE#         30
  -------         ENDPROC       T0DELAY
  -------         ENDMOD        TEST_TIMER

******************************************************************************
* RESTRICTED VERSION WITH 0800H BYTE CODE SIZE LIMIT; USED: 0037H BYTE ( 2%) *
******************************************************************************

Program Size: data=10.0 xdata=0 code=70
LINK/LOCATE RUN COMPLETE.  0 WARNING(S),  0 ERROR(S)
