C51 COMPILER V8.18   FOUR_WAY                                                              08/15/2014 01:03:05 PAGE 1   


C51 COMPILER V8.18, COMPILATION OF MODULE FOUR_WAY
OBJECT MODULE PLACED IN four way.OBJ
COMPILER INVOKED BY: C:\Keil\C51\BIN\C51.EXE four way.c BROWSE DEBUG OBJECTEXTEND TABS(2)

line level    source

   1          #include<reg51.h>
   2          sbit ledrn = P2^0;
   3          sbit ledyn = P2^1;
   4          sbit ledgn = P2^2;
   5          sbit ledrs = P2^3;
   6          sbit ledys = P2^4;
   7          sbit ledgs = P2^5;
   8          sbit ledre = P1^0;
   9          sbit ledye = P1^1;
  10          sbit ledge = P1^2;
  11          sbit ledrw = P1^3;
  12          sbit ledyw = P1^4;
  13          sbit ledgw = P1^5;
  14          sbit sl1 = P2^6;
  15          sbit sl2 = P2^7;
  16          void route();
  17          void msdelay(unsigned int);
  18          void main()
  19          {
  20   1        int k,t;
  21   1        unsigned char digit[10] = {0x40,0x79,0x24,0x30,0x19,0x12,0x02,0x78,0x00,0x10};
  22   1        for(k=9;k>0;k--)
  23   1          {
  24   2            for(t=0;t<25;t++)
  25   2            {
  26   3          while(1)
  27   3          {
  28   4            P3 = digit[k];
  29   4            msdelay(t);
  30   4            ledgn = ledgs = ledre = ledrw = 1;
  31   4            ledyn=ledys=ledye=ledyw = 0;
  32   4            ledge=ledgw=ledrn=ledrs = 0;
  33   4            msdelay(5000);
  34   4            ledye=ledyw = 1;
  35   4            ledyn=ledys = 0;
  36   4            ledgn=ledgs = 1;
  37   4            ledrn=ledrw = 0;
  38   4            ledre=ledrw = 0;
  39   4            ledge=ledgw = 0;
  40   4            msdelay(1500);
  41   4            ledge=ledgw = 1;
  42   4            ledrn = ledrs = 1;
  43   4            ledgn = ledgs  = 0;
  44   4            ledyn=ledys=ledye=ledyw = 0;
  45   4            msdelay(5000);
  46   4            ledye=ledyw = 0;
  47   4            ledyn=ledys = 1;
  48   4            ledgn=ledgs = 0;
  49   4            ledrn=ledrs = 0;
  50   4            ledre=ledrw = 0;
  51   4            ledge=ledgw = 1;
  52   4            msdelay(1500);
  53   4            
  54   4          }
  55   3        }
C51 COMPILER V8.18   FOUR_WAY                                                              08/15/2014 01:03:05 PAGE 2   

  56   2      }
  57   1        }
  58               void msdelay(unsigned int itime)
  59               {
  60   1              unsigned int i,j;
  61   1             for(i=0;i<itime;i++)
  62   1             for(j=0;j<1275;j++);
  63   1           }


MODULE INFORMATION:   STATIC OVERLAYABLE
   CODE SIZE        =    241    ----
   CONSTANT SIZE    =     10    ----
   XDATA SIZE       =   ----    ----
   PDATA SIZE       =   ----    ----
   DATA SIZE        =   ----      14
   IDATA SIZE       =   ----    ----
   BIT SIZE         =   ----    ----
END OF MODULE INFORMATION.


C51 COMPILATION COMPLETE.  0 WARNING(S),  0 ERROR(S)
